Microchip MPLAB XC8 Compiler V1.34 ()

Linker command line:

--edf=C:\Program Files\Microchip\xc8\v1.34\dat\en_msgs.txt -cs \
  -h+dist/default/production\ADC.X.production.sym \
  --cmf=dist/default/production\ADC.X.production.cmf -z -Q16F887 \
  -oC:\DOCUME~1\PARAS~1.SHA\LOCALS~1\Temp\s2mk.6 \
  -Mdist/default/production/ADC.X.production.map -E1 -ver=XC8 \
  -ASTACK=0110h-016fh -pstack=STACK -ACODE=00h-07FFhx4 -ASTRCODE=00h-01FFFh \
  -ASTRING=00h-0FFhx32 -ACONST=00h-0FFhx32 -AENTRY=00h-0FFhx32 \
  -ACOMMON=070h-07Fh -ABANK0=020h-06Fh -ABANK1=0A0h-0EFh \
  -ABANK2=0110h-016Fh -ABANK3=0190h-01EFh \
  -ARAM=020h-06Fh,0A0h-0EFh,0110h-016Fh,0190h-01EFh \
  -AABS1=020h-07Fh,0A0h-0EFh,0110h-016Fh,0190h-01EFh -ASFR0=00h-01Fh \
  -ASFR1=080h-09Fh -ASFR2=0100h-010Fh -ASFR3=0180h-018Fh \
  -preset_vec=00h,intentry=04h,init,end_init -ppowerup=CODE -pcinit=CODE \
  -pfunctab=CODE -ACONFIG=02007h-02008h -pconfig=CONFIG -DCONFIG=2 \
  -AIDLOC=02000h-02003h -pidloc=IDLOC -DIDLOC=2 -AEEDATA=00h-0FFh/02100h \
  -peeprom_data=EEDATA -DEEDATA=2 -DCODE=2 -DSTRCODE=2 -DSTRING=2 -DCONST=2 \
  -DENTRY=2 -k C:\DOCUME~1\PARAS~1.SHA\LOCALS~1\Temp\s2mk.obj \
  dist/default/production\ADC.X.production.obj 

Object code version is 3.11

Machine type is 16F887



                Name                               Link     Load   Length Selector   Space Scale
C:\DOCUME~1\PARAS~1.SHA\LOCALS~1\Temp\s2mk.obj
                end_init                             12       12        3        8       0
                reset_vec                             0        0        3        0       0
                config                             2007     2007        2     400E       0
dist/default/production\ADC.X.production.obj
                cinit                                15       15       10        8       0
                intentry                              4        4        E        8       0
                text8                               26B      26B       45        8       0
                text7                               38A      38A       1A      65A       0
                text6                               3A4      3A4        9      65A       0
                text5                               350      350       1E      65A       0
                text4                               2B0      2B0       34        8       0
                text3                               36E      36E       1C      65A       0
                text2                               20B      20B       60        8       0
                text1                               32D      32D       23      65A       0
                maintext                             25       25      1E6        8       0
                cstackBANK0                          20       20       2C       20       1
                cstackCOMMON                         70       70        9       70       1
                clrtext                             3AD      3AD        8      65A       0
                bssBANK1                             A0       A0       40       A0       1
                bssBANK0                             4C       4C        5       20       1
                strings                             300      300       2D      600       0
                nvCOMMON                             79       79        2       70       1

TOTAL           Name                               Link     Load   Length     Space
        CLASS   STACK          

        CLASS   CODE           
                end_init                             12       12        3         0
                cinit                                15       15       10         0
                intentry                              4        4        E         0
                reset_vec                             0        0        3         0
                text8                               26B      26B       45         0
                text7                               38A      38A       1A         0
                text6                               3A4      3A4        9         0
                text5                               350      350       1E         0
                text4                               2B0      2B0       34         0
                text3                               36E      36E       1C         0
                text2                               20B      20B       60         0
                text1                               32D      32D       23         0
                maintext                             25       25      1E6         0
                clrtext                             3AD      3AD        8         0

        CLASS   STRCODE        

        CLASS   STRING         
                strings                             300      300       2D         0

        CLASS   CONST          

        CLASS   ENTRY          

        CLASS   COMMON         
                cstackCOMMON                         70       70        9         1
                nvCOMMON                             79       79        2         1

        CLASS   BANK0          
                cstackBANK0                          20       20       2C         1
                bssBANK0                             4C       4C        5         1

        CLASS   BANK1          
                bssBANK1                             A0       A0       40         1

        CLASS   BANK2          

        CLASS   BANK3          

        CLASS   RAM            

        CLASS   ABS1           
                abs_s1                               7E       7E        2         1

        CLASS   SFR0           

        CLASS   SFR1           

        CLASS   SFR2           

        CLASS   SFR3           

        CLASS   CONFIG         
                config                             2007     2007        2         0

        CLASS   IDLOC          

        CLASS   EEDATA         



SEGMENTS        Name                           Load    Length   Top    Selector   Space  Class     Delta

                reset_vec                      000000  000003  000003         0       0  CODE        2
                intentry                       000004  0002E0  0002E4         8       0  CODE        2
                cstackBANK0                    000020  000031  000051        20       1  BANK0       1
                cstackCOMMON                   000070  00000B  00007B        70       1  COMMON      1
                bssBANK1                       0000A0  000040  0000E0        A0       1  BANK1       1
                strings                        000300  00002D  00032D       600       0  STRING      2
                text1                          00032D  000088  0003B5       65A       0  CODE        2
                config                         002007  000002  002009      400E       0  CONFIG      2


UNUSED ADDRESS RANGES

        Name                Unused          Largest block    Delta
        BANK0            0051-006F             1F           1
        BANK1            00E0-00EF             10           1
        BANK2            0110-016F             60           1
        BANK3            0190-01EF             60           1
        CODE             0003-0003              1           2
                         02E4-02FF             1C
                         03B5-1FFF            800
        COMMON           007B-007D              3           1
        CONST            0003-0003              1           2
                         02E4-02FF             1C
                         03B5-1FFF            100
        EEDATA           2100-21FF            100           2
        ENTRY            0003-0003              1           2
                         02E4-02FF             1C
                         03B5-1FFF            100
        IDLOC            2000-2003              4           2
        RAM              0051-006F             1F           1
                         00E0-00EF             10
                         0110-016F             60
                         0190-01EF             60
        SFR0             0000-001F             20           1
        SFR1             0080-009F             20           1
        SFR2             0100-010F             10           1
        SFR3             0180-018F             10           1
        STACK            0110-016F             60           1
        STRCODE          0003-0003              1           2
                         02E4-02FF             1C
                         03B5-1FFF           1C4B
        STRING           0003-0003              1           2
                         02E4-02FF             1C
                         03B5-1FFF            100

                                  Symbol Table

?_ADC_Read                 cstackBANK0  0020
?___lldiv                  cstackBANK0  0026
?___wmul                   cstackBANK0  0020
ADC_Read@channel           cstackBANK0  0023
USARTHandleRxInt@data      cstackCOMMON 0074
USARTInit@baud_rate        cstackBANK0  0020
USARTWriteInt@F1698        bssBANK0     004C
USARTWriteString@str       cstackBANK0  0021
_ADCON0                    (abs)        001F
_ADCON0bits                (abs)        001F
_ADCON1                    (abs)        009F
_ADC_Init                  text6        03A4
_ADC_Read                  text5        0350
_ADRESH                    (abs)        001E
_ADRESL                    (abs)        009E
_GIE                       (abs)        005F
_ISR                       text7        038A
_PEIE                      (abs)        005E
_PIR1bits                  (abs)        000C
_PORTC                     (abs)        0007
_RB1                       (abs)        0031
_RCIE                      (abs)        0465
_RCIF                      (abs)        0065
_RCREG                     (abs)        001A
_RCSTAbits                 (abs)        0018
_SPBRG                     (abs)        0099
_TRISB                     (abs)        0086
_TRISC                     (abs)        0087
_TXREG                     (abs)        0019
_TXSTAbits                 (abs)        0098
_UQEnd                     nvCOMMON     0079
_UQFront                   nvCOMMON     007A
_URBuff                    bssBANK1     00A0
_USARTHandleRxInt          text8        026B
_USARTInit                 text4        02B0
_USARTWriteString          text3        036E
__CFG_BOR4V$BOR21V         (abs)        0000
__CFG_BOREN$ON             (abs)        0000
__CFG_CP$OFF               (abs)        0000
__CFG_CPD$OFF              (abs)        0000
__CFG_FCMEN$ON             (abs)        0000
__CFG_FOSC$HS              (abs)        0000
__CFG_IESO$ON              (abs)        0000
__CFG_LVP$OFF              (abs)        0000
__CFG_MCLRE$ON             (abs)        0000
__CFG_PWRTE$ON             (abs)        0000
__CFG_WDTE$OFF             (abs)        0000
__CFG_WRT$OFF              (abs)        0000
__Habs1                    abs1         0000
__Hbank0                   bank0        0000
__Hbank1                   bank1        0000
__Hbank2                   bank2        0000
__Hbank3                   bank3        0000
__HbssBANK0                bssBANK0     0000
__HbssBANK1                bssBANK1     0000
__Hcinit                   cinit        0025
__Hclrtext                 clrtext      0000
__Hcode                    code         0000
__Hcommon                  common       0000
__Hconfig                  config       2009
__HcstackBANK0             cstackBANK0  0000
__HcstackCOMMON            cstackCOMMON 0000
__Heeprom_data             eeprom_data  0000
__Hend_init                end_init     0015
__Hfunctab                 functab      0000
__Hidloc                   idloc        0000
__Hinit                    init         0012
__Hintentry                intentry     0012
__Hmaintext                maintext     0000
__HnvCOMMON                nvCOMMON     0000
__Hpowerup                 powerup      0000
__Hram                     ram          0000
__Hreset_vec               reset_vec    0003
__Hsfr0                    sfr0         0000
__Hsfr1                    sfr1         0000
__Hsfr2                    sfr2         0000
__Hsfr3                    sfr3         0000
__Hspace_0                 (abs)        2009
__Hspace_1                 (abs)        00E0
__Hspace_2                 (abs)        0000
__Hspace_3                 (abs)        0000
__Hstack                   stack        0000
__Hstrings                 strings      0000
__Htext                    text         0000
__Labs1                    abs1         0000
__Lbank0                   bank0        0000
__Lbank1                   bank1        0000
__Lbank2                   bank2        0000
__Lbank3                   bank3        0000
__LbssBANK0                bssBANK0     0000
__LbssBANK1                bssBANK1     0000
__Lcinit                   cinit        0015
__Lclrtext                 clrtext      0000
__Lcode                    code         0000
__Lcommon                  common       0000
__Lconfig                  config       2007
__LcstackBANK0             cstackBANK0  0000
__LcstackCOMMON            cstackCOMMON 0000
__Leeprom_data             eeprom_data  0000
__Lend_init                end_init     0012
__Lfunctab                 functab      0000
__Lidloc                   idloc        0000
__Linit                    init         0012
__Lintentry                intentry     0004
__Lmaintext                maintext     0000
__LnvCOMMON                nvCOMMON     0000
__Lpowerup                 powerup      0000
__Lram                     ram          0000
__Lreset_vec               reset_vec    0000
__Lsfr0                    sfr0         0000
__Lsfr1                    sfr1         0000
__Lsfr2                    sfr2         0000
__Lsfr3                    sfr3         0000
__Lspace_0                 (abs)        0000
__Lspace_1                 (abs)        0000
__Lspace_2                 (abs)        0000
__Lspace_3                 (abs)        0000
__Lstack                   stack        0000
__Lstrings                 strings      0000
__Ltext                    text         0000
__S0                       (abs)        2009
__S1                       (abs)        00E0
__S2                       (abs)        0000
__S3                       (abs)        0000
___int_sp                  stack        0000
___latbits                 (abs)        0002
___lldiv                   text2        020B
___lldiv@counter           cstackBANK0  0033
___lldiv@dividend          cstackBANK0  002A
___lldiv@divisor           cstackBANK0  0026
___lldiv@quotient          cstackBANK0  002F
___sp                      stack        0000
___wmul                    text1        032D
___wmul@multiplicand       cstackBANK0  0022
___wmul@multiplier         cstackBANK0  0020
___wmul@product            cstackBANK0  0024
__end_of_ADC_Init          text6        03AD
__end_of_ADC_Read          text5        036E
__end_of_ISR               text7        03A4
__end_of_USARTHandleRxInt  text8        02B0
__end_of_USARTInit         text4        02E4
__end_of_USARTWriteString  text3        038A
__end_of___lldiv           text2        026B
__end_of___wmul            text1        0350
__end_of__initialization   cinit        0021
__end_of__stringtab        strings      0306
__end_of_main              maintext     020B
__initialization           cinit        0015
__pbssBANK0                bssBANK0     004C
__pbssBANK1                bssBANK1     00A0
__pcstackBANK0             cstackBANK0  0020
__pcstackCOMMON            cstackCOMMON 0070
__pintentry                intentry     0004
__pmaintext                maintext     0025
__pnvCOMMON                nvCOMMON     0079
__pstrings                 strings      0300
__ptext1                   text1        032D
__ptext2                   text2        020B
__ptext3                   text3        036E
__ptext4                   text4        02B0
__ptext5                   text5        0350
__ptext6                   text6        03A4
__ptext7                   text7        038A
__ptext8                   text8        026B
__size_of_ADC_Init         (abs)        0000
__size_of_ADC_Read         (abs)        0000
__size_of_ISR              (abs)        0000
__size_of_USARTHandleRxInt (abs)        0000
__size_of_USARTInit        (abs)        0000
__size_of_USARTWriteString (abs)        0000
__size_of___lldiv          (abs)        0000
__size_of___wmul           (abs)        0000
__size_of_main             (abs)        0000
__stringbase               strings      0305
__stringtab                strings      0300
_main                      maintext     0025
btemp                      (abs)        007E
clear_ram0                 clrtext      03AD
end_of_initialization      cinit        0021
interrupt_function         intentry     0004
intlevel0                  functab      0000
intlevel1                  functab      0000
intlevel2                  functab      0000
intlevel3                  functab      0000
intlevel4                  functab      0000
intlevel5                  functab      0000
ltemp                      (abs)        007E
ltemp0                     (abs)        007E
ltemp1                     (abs)        0082
ltemp2                     (abs)        0086
ltemp3                     (abs)        0080
main@ADC_value             cstackBANK0  0048
main@digit1                cstackBANK0  0046
main@digit2                cstackBANK0  0044
main@digit3                cstackBANK0  0042
main@digit4                cstackBANK0  0040
reset_vec                  reset_vec    0000
saved_w                    (abs)        007E
stackhi                    (abs)        0000
stacklo                    (abs)        0000
start                      init         0012
start_initialization       cinit        0015
ttemp                      (abs)        007E
ttemp0                     (abs)        007E
ttemp1                     (abs)        0081
ttemp2                     (abs)        0084
ttemp3                     (abs)        0087
ttemp4                     (abs)        007F
wtemp                      (abs)        007E
wtemp0                     (abs)        007E
wtemp1                     (abs)        0080
wtemp2                     (abs)        0082
wtemp3                     (abs)        0084
wtemp4                     (abs)        0086
wtemp5                     (abs)        0088
wtemp6                     (abs)        007F


FUNCTION INFORMATION:

 *************** function _main *****************
 Defined at:
		line 48 in file "ADC.c"
 Parameters:    Size  Location     Type
		None
 Auto vars:     Size  Location     Type
  ADC_value       4   40[BANK0 ] unsigned long 
  digit1          2   38[BANK0 ] unsigned int 
  digit2          2   36[BANK0 ] unsigned int 
  digit3          2   34[BANK0 ] unsigned int 
  digit4          2   32[BANK0 ] unsigned int 
 Return value:  Size  Location     Type
		None               void
 Registers used:
		wreg, fsr0l, fsr0h, status,2, status,0, pclath, cstack
 Tracked objects:
		On entry : 
		On exit  : 
		Unchanged: 
 Data sizes:     COMMON   BANK0   BANK1   BANK3   BANK2
      Params:         0       0       0       0       0
      Locals:         0      12       0       0       0
      Temps:          0      12       0       0       0
      Totals:         0      24       0       0       0
Total ram usage:       24 bytes
 Hardware stack levels required when called:    3
 This function calls:
		_ADC_Init
		_ADC_Read
		_USARTInit
		_USARTWriteString
		___lldiv
		___wmul
 This function is called by:
		Startup code after reset
 This function uses a non-reentrant model


 *************** function ___wmul *****************
 Defined at:
		line 15 in file "C:\Program Files\Microchip\xc8\v1.34\sources\common\Umul16.c"
 Parameters:    Size  Location     Type
  multiplier      2    0[BANK0 ] unsigned int 
  multiplicand    2    2[BANK0 ] unsigned int 
 Auto vars:     Size  Location     Type
  product         2    4[BANK0 ] unsigned int 
 Return value:  Size  Location     Type
                  2    0[BANK0 ] unsigned int 
 Registers used:
		wreg, status,2, status,0
 Tracked objects:
		On entry : 
		On exit  : 
		Unchanged: 
 Data sizes:     COMMON   BANK0   BANK1   BANK3   BANK2
      Params:         0       4       0       0       0
      Locals:         0       2       0       0       0
      Temps:          0       0       0       0       0
      Totals:         0       6       0       0       0
Total ram usage:        6 bytes
 Hardware stack levels used:    1
 Hardware stack levels required when called:    2
 This function calls:
		Nothing
 This function is called by:
		_main
 This function uses a non-reentrant model


 *************** function ___lldiv *****************
 Defined at:
		line 6 in file "C:\Program Files\Microchip\xc8\v1.34\sources\common\lldiv.c"
 Parameters:    Size  Location     Type
  divisor         4    6[BANK0 ] unsigned long 
  dividend        4   10[BANK0 ] unsigned long 
 Auto vars:     Size  Location     Type
  quotient        4   15[BANK0 ] unsigned long 
  counter         1   19[BANK0 ] unsigned char 
 Return value:  Size  Location     Type
                  4    6[BANK0 ] unsigned long 
 Registers used:
		wreg, status,2, status,0
 Tracked objects:
		On entry : 
		On exit  : 
		Unchanged: 
 Data sizes:     COMMON   BANK0   BANK1   BANK3   BANK2
      Params:         0       8       0       0       0
      Locals:         0       5       0       0       0
      Temps:          0       1       0       0       0
      Totals:         0      14       0       0       0
Total ram usage:       14 bytes
 Hardware stack levels used:    1
 Hardware stack levels required when called:    2
 This function calls:
		Nothing
 This function is called by:
		_main
 This function uses a non-reentrant model


 *************** function _USARTWriteString *****************
 Defined at:
		line 48 in file "usart_pic16.c"
 Parameters:    Size  Location     Type
  str             1    wreg     PTR const unsigned char 
		 -> STR_3(3), STR_2(27), STR_1(9), 
 Auto vars:     Size  Location     Type
  str             1    1[BANK0 ] PTR const unsigned char 
		 -> STR_3(3), STR_2(27), STR_1(9), 
 Return value:  Size  Location     Type
		None               void
 Registers used:
		wreg, fsr0l, fsr0h, status,2, status,0, pclath
 Tracked objects:
		On entry : 
		On exit  : 
		Unchanged: 
 Data sizes:     COMMON   BANK0   BANK1   BANK3   BANK2
      Params:         0       0       0       0       0
      Locals:         0       1       0       0       0
      Temps:          0       1       0       0       0
      Totals:         0       2       0       0       0
Total ram usage:        2 bytes
 Hardware stack levels used:    1
 Hardware stack levels required when called:    2
 This function calls:
		Nothing
 This function is called by:
		_main
		_USARTWriteLine
 This function uses a non-reentrant model


 *************** function _USARTInit *****************
 Defined at:
		line 6 in file "usart_pic16.c"
 Parameters:    Size  Location     Type
  baud_rate       2    0[BANK0 ] unsigned int 
 Auto vars:     Size  Location     Type
		None
 Return value:  Size  Location     Type
		None               void
 Registers used:
		wreg, fsr0l, fsr0h, status,2, status,0
 Tracked objects:
		On entry : 
		On exit  : 
		Unchanged: 
 Data sizes:     COMMON   BANK0   BANK1   BANK3   BANK2
      Params:         0       2       0       0       0
      Locals:         0       0       0       0       0
      Temps:          0       1       0       0       0
      Totals:         0       3       0       0       0
Total ram usage:        3 bytes
 Hardware stack levels used:    1
 Hardware stack levels required when called:    2
 This function calls:
		Nothing
 This function is called by:
		_main
 This function uses a non-reentrant model


 *************** function _ADC_Read *****************
 Defined at:
		line 32 in file "ADC.c"
 Parameters:    Size  Location     Type
  channel         1    wreg     unsigned char 
 Auto vars:     Size  Location     Type
  channel         1    3[BANK0 ] unsigned char 
 Return value:  Size  Location     Type
                  2    0[BANK0 ] unsigned int 
 Registers used:
		wreg, status,2, status,0
 Tracked objects:
		On entry : 
		On exit  : 
		Unchanged: 
 Data sizes:     COMMON   BANK0   BANK1   BANK3   BANK2
      Params:         0       2       0       0       0
      Locals:         0       1       0       0       0
      Temps:          0       1       0       0       0
      Totals:         0       4       0       0       0
Total ram usage:        4 bytes
 Hardware stack levels used:    1
 Hardware stack levels required when called:    2
 This function calls:
		Nothing
 This function is called by:
		_main
 This function uses a non-reentrant model


 *************** function _ADC_Init *****************
 Defined at:
		line 26 in file "ADC.c"
 Parameters:    Size  Location     Type
		None
 Auto vars:     Size  Location     Type
		None
 Return value:  Size  Location     Type
		None               void
 Registers used:
		wreg
 Tracked objects:
		On entry : 
		On exit  : 
		Unchanged: 
 Data sizes:     COMMON   BANK0   BANK1   BANK3   BANK2
      Params:         0       0       0       0       0
      Locals:         0       0       0       0       0
      Temps:          0       0       0       0       0
      Totals:         0       0       0       0       0
Total ram usage:        0 bytes
 Hardware stack levels used:    1
 Hardware stack levels required when called:    2
 This function calls:
		Nothing
 This function is called by:
		_main
 This function uses a non-reentrant model


 *************** function _ISR *****************
 Defined at:
		line 4 in file "isr.c"
 Parameters:    Size  Location     Type
		None
 Auto vars:     Size  Location     Type
		None
 Return value:  Size  Location     Type
		None               void
 Registers used:
		wreg, fsr0l, fsr0h, status,2, status,0, pclath, cstack
 Tracked objects:
		On entry : 
		On exit  : 
		Unchanged: 
 Data sizes:     COMMON   BANK0   BANK1   BANK3   BANK2
      Params:         0       0       0       0       0
      Locals:         0       0       0       0       0
      Temps:          4       0       0       0       0
      Totals:         4       0       0       0       0
Total ram usage:        4 bytes
 Hardware stack levels used:    1
 Hardware stack levels required when called:    1
 This function calls:
		_USARTHandleRxInt
 This function is called by:
		Interrupt level 1
 This function uses a non-reentrant model


 *************** function _USARTHandleRxInt *****************
 Defined at:
		line 65 in file "usart_pic16.c"
 Parameters:    Size  Location     Type
		None
 Auto vars:     Size  Location     Type
  data            1    4[COMMON] unsigned char 
 Return value:  Size  Location     Type
		None               void
 Registers used:
		wreg, fsr0l, fsr0h, status,2, status,0
 Tracked objects:
		On entry : 
		On exit  : 
		Unchanged: 
 Data sizes:     COMMON   BANK0   BANK1   BANK3   BANK2
      Params:         0       0       0       0       0
      Locals:         1       0       0       0       0
      Temps:          4       0       0       0       0
      Totals:         5       0       0       0       0
Total ram usage:        5 bytes
 Hardware stack levels used:    1
 This function calls:
		Nothing
 This function is called by:
		_ISR
 This function uses a non-reentrant model



MODULE INFORMATION

Module		Function		Class		Link	Load	Size
usart_pic16.c
		_USARTWriteStri		CODE           	036E	0000	29
		_USARTHandleRxI		CODE           	026B	0000	70
		_USARTInit     		CODE           	02B0	0000	53

usart_pic16.c estimated size: 152

C:\Program Files\Microchip\xc8\v1.34\sources\common\Umul16.c
		___wmul        		CODE           	032D	0000	36

C:\Program Files\Microchip\xc8\v1.34\sources\common\Umul16.c estimated size: 36

C:\Program Files\Microchip\xc8\v1.34\sources\common\lldiv.c
		___lldiv       		CODE           	020B	0000	97

C:\Program Files\Microchip\xc8\v1.34\sources\common\lldiv.c estimated size: 97

isr.c
		_ISR           		CODE           	038A	0000	27

isr.c estimated size: 27

shared
		__stringtab    		STRING         	0300	0000	7
		__initializatio		CODE           	0015	0000	13

shared estimated size: 20

ADC.c
		_main          		CODE           	0025	0000	487
		_ADC_Read      		CODE           	0350	0000	31
		_ADC_Init      		CODE           	03A4	0000	10

ADC.c estimated size: 528

